// Jest Snapshot v1, https://goo.gl/fbAQLP

exports[`About section renders correctly 1`] = `
<div
  className="section-container container"
>
  <div
    className="align-items-center justify-content-center row-container row"
  >
    <div
      className="text-center text-md-left col-md-4"
    >
      <h2
        className="section-header"
      >
        validation:aboutPage.aboutUs.headLine
      </h2>
      <p>
        validation:aboutPage.aboutUs.paragraph
         
      </p>
    </div>
    <div
      className="offset-md-1 d-flex justify-content-center col-md-6"
    >
      <img
        alt="town"
        className="img-fluid"
        src="undraw_quite_town_mg2q1.svg"
      />
    </div>
  </div>
  <div
    className="align-items-center justify-content-center row-container row"
  >
    <div
      className="offset-md-1 order-md-12 text-center text-md-left col-md-6"
    >
      <h2
        className="section-header"
      >
        validation:aboutPage.saveTime.headLine
      </h2>
      <p>
        validation:aboutPage.saveTime.paragraph
      </p>
    </div>
    <div
      className="order-md-1 d-flex justify-content-center col-md-5"
    >
      <img
        alt="clock"
        className="img-fluid"
        src="clockImg.svg"
      />
    </div>
  </div>
  <div
    className="align-items-center justify-content-center row-container row"
  >
    <div
      className="text-center text-md-left col-md-4"
    >
      <h2
        className="section-header "
      >
        validation:aboutPage.findDoctor.headLine
      </h2>
      <p>
        validation:aboutPage.findDoctor.paragraph
      </p>
    </div>
    <div
      className="offset-md-1 d-flex justify-content-center col-md-6"
    >
      <img
        alt="search"
        className="img-fluid"
        src="searchImg.svg"
      />
    </div>
  </div>
</div>
`;
