// Jest Snapshot v1, https://goo.gl/fbAQLP

exports[`renders correctly 1`] = `
<div
  className="ApplicationSection container"
>
  <div
    className="myRow row"
  >
    <div
      className="col-xs-6"
    >
      <div
        className="text"
      >
        <h2>
          Download our mobile apps (comming soon)
        </h2>
        <p>
          Our dedicated patient engagement app and web portal allow you to access information instantaneously (no tedeous form, long calls, or administrative hassle) and securely
        </p>
      </div>
      <div
        className="download-buttons"
      >
        <input
          src="App Store - eng.png"
          type="image"
        />
        <input
          src="Google Play - eng.png"
          type="image"
        />
      </div>
    </div>
    <div
      className="col-xs-6"
    >
      <div
        className="Application-Image"
      >
        <img
          alt="our app"
          src="undraw_posting_photo_v65l.png"
        />
      </div>
    </div>
  </div>
</div>
`;
