// Jest Snapshot v1, https://goo.gl/fbAQLP

exports[`renders correctly 1`] = `
<div
  className="applicationSection container"
>
  <div
    className="myRow row"
  >
    <div
      className="col-xs-6"
    >
      <div
        className="text"
      >
        <h2>
          validation:homePage.appSection.headLine
        </h2>
        <hr
          className="grayLine w-100"
        />
        <p>
          validation:homePage.appSection.paragraph
        </p>
      </div>
      <div
        className="downloadButtons"
      >
        <input
          alt="On App store"
          src="AppStoreEng.png"
          type="image"
        />
        <input
          alt="On Google play"
          src="GooglePlayEng.png"
          type="image"
        />
      </div>
    </div>
    <div
      className="col-xs-6"
    >
      <div
        className="applicationImage"
      >
        <img
          alt="our app"
          className="img-fluid"
          src="undraw_posting_photo_v65l.png"
        />
      </div>
    </div>
  </div>
</div>
`;
