// Jest Snapshot v1, https://goo.gl/fbAQLP

exports[`Doctor Registration renders correctly 1`] = `
<div
  className="container"
>
  <div
    className="RFS-StepperContainer"
  >
    <div
      className="RFS-StepContainer"
    >
      <div
        className="RFS-StepMain"
      >
        <button
          className="RFS-StepCircle RFS-StepCircle-d12 RFS-StepButton active"
          disabled={false}
        >
          <span
            className="RFS-StepCircleContent RFS-StepCircleContent-d13 active"
          >
            1
          </span>
        </button>
        <div
          className="RFS-LabelContainer RFS-LabelContainer-d14"
        >
          <span
            className="RFS-Label RFS-Label-d15"
          >
            Personal info
          </span>
        </div>
      </div>
    </div>
    <div
      className="RFS-StepContainer"
    >
      <div
        className="RFS-ConnectorContainer RFS-ConnectorContainer-d4"
      >
        <span
          className="RFS-Connector RFS-Connector-d5"
        />
      </div>
      <div
        className="RFS-StepMain"
      >
        <button
          className="RFS-StepCircle RFS-StepCircle-d16 RFS-StepButton"
          disabled={true}
        >
          <span
            className="RFS-StepCircleContent RFS-StepCircleContent-d17"
          >
            2
          </span>
        </button>
        <div
          className="RFS-LabelContainer RFS-LabelContainer-d18"
        >
          <span
            className="RFS-Label RFS-Label-d19"
          >
            Career info
          </span>
        </div>
      </div>
    </div>
    <div
      className="RFS-StepContainer"
    >
      <div
        className="RFS-ConnectorContainer RFS-ConnectorContainer-d6"
      >
        <span
          className="RFS-Connector RFS-Connector-d7"
        />
      </div>
      <div
        className="RFS-StepMain"
      >
        <button
          className="RFS-StepCircle RFS-StepCircle-d20 RFS-StepButton"
          disabled={true}
        >
          <span
            className="RFS-StepCircleContent RFS-StepCircleContent-d21"
          >
            3
          </span>
        </button>
        <div
          className="RFS-LabelContainer RFS-LabelContainer-d22"
        >
          <span
            className="RFS-Label RFS-Label-d23"
          >
            Clinic info
          </span>
        </div>
      </div>
    </div>
  </div>
  <h1>
    step one
  </h1>
  
  
  <button
    className="disabled mr-3 btn btn-primary"
    disabled={false}
    onClick={[Function]}
    type="button"
  >
    Back
  </button>
  <button
    className="btn btn-primary"
    disabled={false}
    onClick={[Function]}
    type="button"
  >
    Next
  </button>
</div>
`;
