// Jest Snapshot v1, https://goo.gl/fbAQLP

exports[`DoctorProfilePage run well  1`] = `
Array [
  <div
    className="cover container-fluid d-flex align-items-end"
  >
    <div
      className="profileCover d-flex align-items-center container"
    >
      <div
        className="profileImage"
      >
        <img
          alt="profile"
          src="avatar1.svg"
        />
      </div>
      <div
        className="profileName d-flex flex-column ml-4"
      >
        <h2>
          Salah Mohammed
        </h2>
        <button
          className="btn btn-primary"
          disabled={false}
          type="button"
        >
          Book an appointment
        </button>
      </div>
    </div>
  </div>,
  <div
    className="theBody container"
  >
    <div
      className="bodyRow row"
    >
      <div
        className="timeTable"
      >
        <div
          className="col"
        >
          <div
            className="ml-2 justify-content-start row"
          >
            <h4
              className="specitial"
            >
              Children doctor
            </h4>
          </div>
          <div
            className="ml-2 justify-content-start row"
          >
            <table
              className="table-borderless table"
            >
              <thead>
                <tr>
                  <h4>
                    Time table
                  </h4>
                </tr>
              </thead>
              <tbody>
                <tr>
                  <td>
                    sunday
                  </td>
                  <td>
                    11 - 5
                  </td>
                </tr>
                <tr>
                  <td>
                    monday
                  </td>
                  <td>
                    11 - 3
                  </td>
                </tr>
                <tr>
                  <td>
                    tuseday
                  </td>
                  <td>
                    12 - 4
                  </td>
                </tr>
                <tr>
                  <td>
                    wedensday
                  </td>
                  <td>
                    9 - 1
                  </td>
                </tr>
                <tr>
                  <td>
                    thirsday
                  </td>
                  <td>
                    11 - 5
                  </td>
                </tr>
                <tr>
                  <td>
                    friday
                  </td>
                  <td>
                    off day
                  </td>
                </tr>
                <tr>
                  <td>
                    saturday
                  </td>
                  <td>
                    off day
                  </td>
                </tr>
              </tbody>
            </table>
          </div>
        </div>
      </div>
      <div>
        <div
          className="row"
        >
          <div
            className="col-lg-8"
          >
            <div
              className="informations"
            >
              <div
                className="informationsCards education"
              >
                <div
                  className="infCards card border-light"
                  style={
                    Object {
                      "width": "45rem",
                    }
                  }
                >
                  <div
                    className="card-body"
                  >
                    <div
                      className="card-title h5"
                    >
                      Education
                    </div>
                    <p
                      className="cardText card-text"
                    >
                      Some quick example text to build on the card title and make up the bulk of the card's content.Some quick example text to build on the card title and make up the bulk of the card's content.
                    </p>
                  </div>
                </div>
              </div>
              <div
                className="informationsCards experinces"
              >
                <div
                  className="infCards card border-light"
                  style={
                    Object {
                      "width": "45rem",
                    }
                  }
                >
                  <div
                    className="card-body"
                  >
                    <div
                      className="card-title h5"
                    >
                      Experinces
                    </div>
                    <p
                      className="cardText card-text"
                    >
                      Some quick example text to build on the card title and make up the bulk of the card's content.Some quick example text to build on the card title and make up the bulk of the card's content.
                    </p>
                  </div>
                </div>
              </div>
            </div>
          </div>
        </div>
      </div>
    </div>
    <div
      className="mt-5 theAdress"
    >
      <h3
        className="mt-5 mb-5"
      >
        Adress
      </h3>
      <h6>
        city, country
      </h6>
      <div
        style={
          Object {
            "cursor": "grab",
            "height": 0,
            "position": "relative",
            "width": 0,
          }
        }
      >
        <div
          style={
            Object {
              "height": "100%",
              "position": "relative",
              "width": "100%",
            }
          }
        >
          <div
            className=""
            style={
              Object {
                "height": "100%",
                "overflow": "hidden",
                "position": "absolute",
                "visibility": "inherit",
                "width": "100%",
              }
            }
          />
          <div
            style={
              Object {
                "height": 0,
                "overflow": "visible",
                "width": 0,
              }
            }
          />
        </div>
      </div>
    </div>
    <button
      className="bookButton mt-5 btn btn-primary"
      disabled={false}
      type="button"
    >
      Book an appointment
    </button>
  </div>,
]
`;
