// Jest Snapshot v1, https://goo.gl/fbAQLP

exports[`intro section of faq page render correctly 1`] = `
<div
  className="container"
>
  <div
    className="my-5 row"
  >
    <div
      className=" d-flex align-items-center col-lg-6"
    >
      <div>
        <h1
          className="my-3"
        >
          Frequently Asked
          <span
            className="d-block"
          >
            Questions
          </span>
        </h1>
        <p
          className="faqText"
        >
          Here is some frequently asked questions 
          <br />
           about the website, it will help you to get more 
          <br />
           info about the website 
           
        </p>
      </div>
    </div>
    <div
      className="col-lg-6"
    >
      <img
        alt=""
        className="img-fluid introSectionImage"
        src="intro.svg"
      />
    </div>
  </div>
</div>
`;
