// Jest Snapshot v1, https://goo.gl/fbAQLP

exports[`footer renders correctly 1`] = `
<footer
  className="text-white"
>
  <div
    className="h-100 footer-container container"
  >
    <div
      className="h-100 align-content-center row-container row"
    >
      <div
        className="mb-3 first-col col-md-3"
      >
        <h5
          className="linksHeader"
        >
          validation:footer.title
        </h5>
        <p>
          validation:footer.paragraph
        </p>
      </div>
      <div
        className="mb-3 offset-md-2 col-md-3"
      >
        <h5
          className="linksHeader"
        >
          validation:footer.links.headLine
        </h5>
        <ul
          className="list-unstyled"
        >
          <li>
            <a
              href="/"
              onClick={[Function]}
            >
              validation:footer.links.link1
            </a>
          </li>
          <li>
            <a
              href="/about"
              onClick={[Function]}
            >
              validation:footer.links.link2
            </a>
          </li>
          <li>
            <a
              href="/faq"
              onClick={[Function]}
            >
              validation:footer.links.link3
            </a>
          </li>
        </ul>
      </div>
      <div
        className="mb-3 offset-md-1 col-md-3"
      >
        <h5
          className="linksHeader"
        >
          validation:footer.services.headLine
        </h5>
        <ul
          className="list-unstyled"
        >
          <li>
            <a
              href="/search"
              onClick={[Function]}
            >
              validation:footer.services.serv1
            </a>
          </li>
          <li>
            <a
              href="/register"
              onClick={[Function]}
            >
              validation:footer.services.serv2
            </a>
          </li>
        </ul>
      </div>
    </div>
  </div>
</footer>
`;
