// Jest Snapshot v1, https://goo.gl/fbAQLP

exports[`GetInTouch render correctly 1`] = `
<div
  className="getIntouch my-5 py-5"
  id="getInTouch"
>
  <div
    className="container"
  >
    <div
      className="row"
    >
      <div
        className="col-lg-6"
      >
        <img
          alt=""
          className="img-fluid IntroSection__image"
          src="findDoctor.svg"
        />
      </div>
      <div
        className="col-lg-6"
      >
        <div>
          <h1
            className="my-3 sectionHeading"
          >
            Find a doctor and 
            <span
              className="d-block"
            >
              make an
            </span>
             
            apoinnment online
          </h1>
          <p
            className="sectionCaption"
          >
            Search for the best doctor for you and book an appointment at the time that fits your time
          </p>
          <div
            className="my-4"
          >
            <a
              href="/search"
              onClick={[Function]}
            >
              <button
                className="btn-lg sectionBtn btn btn-primary"
                disabled={false}
                type="button"
              >
                Find Doctor
              </button>
            </a>
          </div>
        </div>
      </div>
    </div>
    <div
      className="my-5 row"
    >
      <div
        className="col-lg-6"
      >
        <div>
          <h1
            className="my-3 sectionHeading"
          >
            You are Doctor?
            <span
              className="d-block"
            >
              Register here
            </span>
          </h1>
          <p
            className="sectionCaption"
          >
            With our website you are be more time manageable 
            <br />
             and you be comfortable about setting appoinments and dealing with your vistors
          </p>
          <div
            className="my-4"
          >
            <a
              href="/register"
              onClick={[Function]}
            >
              <button
                className="btn-lg sectionBtn btn btn-primary"
                disabled={false}
                type="button"
              >
                Register
              </button>
            </a>
          </div>
        </div>
      </div>
      <div
        className="  col-lg-6"
      >
        <img
          alt=""
          className="img-fluid IntroSection__image"
          src="doctorRegister.svg"
        />
      </div>
    </div>
  </div>
</div>
`;
