// Jest Snapshot v1, https://goo.gl/fbAQLP

exports[`GetInTouch render correctly 1`] = `
<div
  className="getIntouch my-5 py-5"
  id="getInTouch"
>
  <div
    className="container"
  >
    <div
      className="row"
    >
      <div
        className="col-lg-6"
      >
        <img
          alt=""
          className="img-fluid IntroSection__image"
          src="findDoctor.svg"
        />
      </div>
      <div
        className="col-lg-6"
      >
        <div>
          <h1
            className="my-3 sectionHeading"
          >
            validation:homePage.findDoc.headLine.title1
             
            <span
              className="d-block"
            >
               
              validation:homePage.findDoc.headLine.title2
            </span>
             
            validation:homePage.findDoc.headLine.titleSpan
          </h1>
          <p
            className="sectionCaption"
          >
            validation:homePage.findDoc.paragraph
          </p>
          <div
            className="my-4"
          >
            <a
              href="/search"
              onClick={[Function]}
            >
              <button
                className="btn-lg sectionBtn btn btn-primary"
                disabled={false}
                type="button"
              >
                common:findDoctor
              </button>
            </a>
          </div>
        </div>
      </div>
    </div>
    <div
      className="my-5 row"
    >
      <div
        className="col-lg-6"
      >
        <div>
          <h1
            className="my-3 sectionHeading"
          >
            validation:homePage.docRig.headLine.title1
            <span
              className="d-block"
            >
              validation:homePage.docRig.headLine.titleSpan
            </span>
          </h1>
          <p
            className="sectionCaption"
          >
            validation:homePage.docRig.paragraph
          </p>
          <div
            className="my-4"
          >
            <a
              href="/register"
              onClick={[Function]}
            >
              <button
                className="btn-lg sectionBtn btn btn-primary"
                disabled={false}
                type="button"
              >
                common:register
              </button>
            </a>
          </div>
        </div>
      </div>
      <div
        className="  col-lg-6"
      >
        <img
          alt=""
          className="img-fluid IntroSection__image"
          src="doctorRegister.svg"
        />
      </div>
    </div>
  </div>
</div>
`;
