// Jest Snapshot v1, https://goo.gl/fbAQLP

exports[`Intro  section run well  1`] = `
<div
  className="introSection"
>
  <img
    alt=""
    className="penIntro d-none d-lg-block"
    src="penIntro.svg"
  />
  <div
    className="container"
  >
    <div
      className=" my-5 row"
    >
      <div
        className=" d-flex align-items-center col-lg-6"
      >
        <div>
          <h1
            className="my-3"
          >
            Your health is important
             
            <span
              className="d-block"
            >
              for us.
            </span>
          </h1>
          <p
            className="textShow"
          >
            This website help you to find the best and suit doctor for your situation , and save you alot of time for searching doctor
          </p>
          <div
            className="my-4"
          >
            <a
              href="#getInTouch"
            >
              <button
                className="btn btn btn-primary"
                disabled={false}
                type="button"
              >
                Get Started
              </button>
            </a>
            <a
              href="#video"
            >
              <button
                className="btn ml-4 btn btn-outline-primary"
                disabled={false}
                type="button"
              >
                Intro Video
              </button>
            </a>
          </div>
        </div>
      </div>
      <div
        className="col-lg-6"
      >
        <img
          alt=""
          className="img-fluid IntroSection__image"
          src="intro.svg"
        />
      </div>
    </div>
  </div>
</div>
`;
