// Jest Snapshot v1, https://goo.gl/fbAQLP

exports[`Intro  section run well  1`] = `
<div
  className="introSection"
>
  <img
    alt=""
    className="penIntro"
    src="penIntro.svg"
  />
  <div
    className="container"
  >
    <div
      className=" my-5 row"
    >
      <div
        className=" d-flex align-items-center col-lg-6"
      >
        <div>
          <h1
            className="my-3 sectionHeading"
          >
            validation:homePage.healthImportant.headLine.title
             
            <span
              className="d-block"
            >
              validation:homePage.healthImportant.headLine.titleSpan
            </span>
          </h1>
          <p
            className="sectionCaption"
          >
            validation:homePage.healthImportant.paragraph
          </p>
          <div
            className="my-4"
          >
            <a
              href="#getInTouch"
            >
              <button
                className="btn-lg sectionBtn btn btn-primary"
                disabled={false}
                type="button"
              >
                common:getStarted
              </button>
            </a>
            <a
              href="#videoSection"
            >
              <button
                className="btn-lg ml-4 sectionBtn btn btn-outline-primary"
                disabled={false}
                type="button"
              >
                common:introVideo
              </button>
            </a>
          </div>
        </div>
      </div>
      <div
        className="col-lg-6"
      >
        <img
          alt=""
          className="img-fluid introSectionImage"
          src="intro.svg"
        />
      </div>
    </div>
  </div>
</div>
`;
