// Jest Snapshot v1, https://goo.gl/fbAQLP

exports[`navbar renders correctly 1`] = `
<div>
  <nav
    className="shadow-sm navbar navbar-expand-lg navbar-light bg-white"
  >
    <div
      className="container"
    >
      <a
        aria-current="page"
        className="active"
        href="/"
        onClick={[Function]}
        style={Object {}}
      >
        <span
          className="navbar-brand"
        >
          Doctor Booking
        </span>
      </a>
      <button
        aria-controls="responsive-navbar-nav"
        aria-label="Toggle navigation"
        className="navbar-toggler collapsed"
        onClick={[Function]}
        type="button"
      >
        <span
          className="navbar-toggler-icon"
        />
      </button>
      <div
        aria-expanded={null}
        className="navbar-collapse collapse"
        id="responsive-navbar-nav"
      >
        <div
          className="ml-auto justify-content-end navbar-nav"
          onKeyDown={[Function]}
        >
          <a
            aria-current="page"
            className="nav-link active-link"
            href="/"
            onClick={[Function]}
            style={Object {}}
          >
            navBar.links.home
          </a>
          <a
            aria-current={null}
            className="nav-link"
            href="/search"
            onClick={[Function]}
          >
            navBar.links.search
          </a>
          <a
            aria-current={null}
            className="nav-link"
            href="/about"
            onClick={[Function]}
          >
            navBar.links.about
          </a>
          <a
            aria-current={null}
            className="nav-link"
            href="/faq"
            onClick={[Function]}
          >
            navBar.links.FAQ
          </a>
          <a
            aria-current={null}
            className="nav-link"
            href="/signin"
            onClick={[Function]}
          >
            signIn
          </a>
          <div
            className="dropdown nav-item"
            onKeyDown={[Function]}
          >
            <a
              aria-expanded={false}
              aria-haspopup={true}
              className="dropdown-toggle nav-link"
              data-rb-event-key={null}
              href="#"
              onClick={[Function]}
              onKeyDown={[Function]}
              role="button"
            />
          </div>
        </div>
      </div>
    </div>
  </nav>
</div>
`;
