// Jest Snapshot v1, https://goo.gl/fbAQLP

exports[`our goals section renders correctly 1`] = `
<div
  className="abSection container"
>
  <div
    className="justify-content-center row"
  >
    <h2
      className="section-title"
    >
      Our Goals
    </h2>
  </div>
  <div
    className="justify-content-between row"
  >
    <div
      className="justify-content-center d-flex mt-5 col-md-4"
    >
      <div
        className="goal-card card"
      >
        <img
          className="card-img-top card-image mt-4"
          src="no1.svg"
        />
        <div
          className="mt-3 mb-3 card-body"
        >
          <div
            className="text-center card-title card-title h5"
          >
            1st
          </div>
          <p
            className="text-center card-text px-3 pt-3 card-text"
          >
            one of our goals is to be  best doctor booking website in Erbil
          </p>
        </div>
      </div>
    </div>
    <div
      className="justify-content-center d-flex mt-5 col-md-4"
    >
      <div
        className="goal-card card"
      >
        <img
          className="card-img-top card-image mt-4"
          src="location.svg"
        />
        <div
          className="mt-3 mb-3 card-body"
        >
          <div
            className="text-center card-title card-title h5"
          >
            Register all clinics
          </div>
          <p
            className="text-center card-text px-3 pt-3 card-text"
          >
            Register all the clinics in Erbil so we offer the users the desired flexibility to choose the doctor that the user wants
          </p>
        </div>
      </div>
    </div>
    <div
      className="justify-content-center d-flex mt-5 col-md-4"
    >
      <div
        className="goal-card card"
      >
        <img
          className="card-img-top card-image mt-4"
          src="awareness.svg"
        />
        <div
          className="mt-3 mb-3 card-body"
        >
          <div
            className="text-center card-title card-title h5"
          >
            Awareness
          </div>
          <p
            className="text-center card-text px-3 pt-3 card-text"
          >
            Reducnig the gatherings in clinics waiting rooms so we ensure the social distancing to be applied
          </p>
        </div>
      </div>
    </div>
  </div>
</div>
`;
