// Jest Snapshot v1, https://goo.gl/fbAQLP

exports[`renders correctly 1`] = `
<div
  className="services-section container"
>
  <div
    className="row"
  >
    <div
      className="head"
    >
      <h1>
        homePage.OurServices.headLine
      </h1>
      <hr
        className="grayLine"
      />
      <p>
        homePage.OurServices.paragraph
      </p>
    </div>
  </div>
  <div
    className="row"
  >
    <div
      className="card-group"
    >
      <div
        className="border-0 m-4 card"
      >
        <img
          className="card-img-top"
          src="Frame.png"
        />
        <div
          className="card-body"
        >
          <div
            className="card-title h5"
          >
            homePage.OurServices.card1.headLine
          </div>
          <p
            className="card-text"
          >
            homePage.OurServices.card1.paragraph
          </p>
        </div>
      </div>
      <div
        className="border-0 m-4 card"
      >
        <img
          className="card-img-top"
          src="Frame-1.png"
        />
        <div
          className="card-body"
        >
          <div
            className="card-title h5"
          >
            homePage.OurServices.card2.headLine
          </div>
          <p
            className="card-text"
          >
            homePage.OurServices.card2.paragraph
          </p>
        </div>
      </div>
      <div
        className="border-0 m-4 card"
      >
        <img
          className="card-img-top"
          src="undraw_map_1r691.png"
        />
        <div
          className="card-body"
        >
          <div
            className="card-title h5"
          >
            homePage.OurServices.card3.headLine
          </div>
          <p
            className="card-text"
          >
            homePage.OurServices.card3.paragraph
          </p>
        </div>
      </div>
    </div>
  </div>
</div>
`;
