// Jest Snapshot v1, https://goo.gl/fbAQLP

exports[`our team section renders correctly 1`] = `
<div
  className="abSection ourTeam container"
>
  <div
    className="row"
  >
    <div
      className="text-center mt-5 section-title container"
    >
      <h1>
        validation:aboutPage.ourTeam.headLine
      </h1>
    </div>
  </div>
  <div
    className="row"
  >
    <div
      className="mt-5 col-lg-6"
    >
      <div
        className="row"
      >
        <div
          className="d-flex align-items-center flex-column col-6"
        >
          <div
            className="teamPhoto"
          >
            <img
              alt="team member"
              className="img-fluid"
              src="avatar.svg"
            />
          </div>
          <div
            className="social-media mt-2"
          >
            <ul
              className="list-unstyled d-flex justify-content-between"
            >
              <li
                className="d-inline-block"
              >
                <a
                  href="#!"
                >
                  <img
                    alt="github icon"
                    src="icons8-github-64.png"
                  />
                </a>
              </li>
              <li
                className="d-inline-block"
              >
                <a
                  href="#!"
                >
                  <img
                    alt="twitter icon"
                    src="icons8-twitter-circled-64.png"
                  />
                </a>
              </li>
              <li
                className="d-inline-block"
              >
                <a
                  href="#!"
                >
                  <img
                    alt="linkedin icon"
                    src="icons8-linkedin-circled-64.png"
                  />
                </a>
              </li>
            </ul>
          </div>
        </div>
        <div
          className="member-info d-flex flex-column col-6"
        >
          <h2
            className="member-name"
          >
            validation:aboutPage.ourTeam.mem1.memName
          </h2>
          <p
            className="member-role"
          >
            validation:aboutPage.ourTeam.mem1.memRole
          </p>
          <p
            className="member-description"
          >
            validation:aboutPage.ourTeam.mem1.memDis
          </p>
        </div>
      </div>
    </div>
    <div
      className="mt-5 col-lg-6"
    >
      <div
        className="row"
      >
        <div
          className="d-flex align-items-center flex-column col-6"
        >
          <div
            className="teamPhoto"
          >
            <img
              alt="team member"
              className="img-fluid"
              src="avatar.svg"
            />
          </div>
          <div
            className="social-media mt-2"
          >
            <ul
              className="list-unstyled d-flex justify-content-between"
            >
              <li
                className="d-inline-block"
              >
                <a
                  href="#!"
                >
                  <img
                    alt="github icon"
                    src="icons8-github-64.png"
                  />
                </a>
              </li>
              <li
                className="d-inline-block"
              >
                <a
                  href="#!"
                >
                  <img
                    alt="twitter icon"
                    src="icons8-twitter-circled-64.png"
                  />
                </a>
              </li>
              <li
                className="d-inline-block"
              >
                <a
                  href="#!"
                >
                  <img
                    alt="linkedin icon"
                    src="icons8-linkedin-circled-64.png"
                  />
                </a>
              </li>
            </ul>
          </div>
        </div>
        <div
          className="member-info d-flex flex-column col-6"
        >
          <h2
            className="member-name"
          >
            validation:aboutPage.ourTeam.mem1.memName
          </h2>
          <p
            className="member-role"
          >
            validation:aboutPage.ourTeam.mem1.memRole
          </p>
          <p
            className="member-description"
          >
            validation:aboutPage.ourTeam.mem1.memDis
          </p>
        </div>
      </div>
    </div>
    <div
      className="mt-5 col-lg-6"
    >
      <div
        className="row"
      >
        <div
          className="d-flex align-items-center flex-column col-6"
        >
          <div
            className="teamPhoto"
          >
            <img
              alt="team member"
              className="img-fluid"
              src="avatar.svg"
            />
          </div>
          <div
            className="social-media mt-2"
          >
            <ul
              className="list-unstyled d-flex justify-content-between"
            >
              <li
                className="d-inline-block"
              >
                <a
                  href="#!"
                >
                  <img
                    alt="github icon"
                    src="icons8-github-64.png"
                  />
                </a>
              </li>
              <li
                className="d-inline-block"
              >
                <a
                  href="#!"
                >
                  <img
                    alt="twitter icon"
                    src="icons8-twitter-circled-64.png"
                  />
                </a>
              </li>
              <li
                className="d-inline-block"
              >
                <a
                  href="#!"
                >
                  <img
                    alt="linkedin icon"
                    src="icons8-linkedin-circled-64.png"
                  />
                </a>
              </li>
            </ul>
          </div>
        </div>
        <div
          className="member-info d-flex flex-column col-6"
        >
          <h2
            className="member-name"
          >
            validation:aboutPage.ourTeam.mem1.memName
          </h2>
          <p
            className="member-role"
          >
            validation:aboutPage.ourTeam.mem1.memRole
          </p>
          <p
            className="member-description"
          >
            validation:aboutPage.ourTeam.mem1.memDis
          </p>
        </div>
      </div>
    </div>
    <div
      className="mt-5 col-lg-6"
    >
      <div
        className="row"
      >
        <div
          className="d-flex align-items-center flex-column col-6"
        >
          <div
            className="teamPhoto"
          >
            <img
              alt="team member"
              className="img-fluid"
              src="avatar.svg"
            />
          </div>
          <div
            className="social-media mt-2"
          >
            <ul
              className="list-unstyled d-flex justify-content-between"
            >
              <li
                className="d-inline-block"
              >
                <a
                  href="#!"
                >
                  <img
                    alt="github icon"
                    src="icons8-github-64.png"
                  />
                </a>
              </li>
              <li
                className="d-inline-block"
              >
                <a
                  href="#!"
                >
                  <img
                    alt="twitter icon"
                    src="icons8-twitter-circled-64.png"
                  />
                </a>
              </li>
              <li
                className="d-inline-block"
              >
                <a
                  href="#!"
                >
                  <img
                    alt="linkedin icon"
                    src="icons8-linkedin-circled-64.png"
                  />
                </a>
              </li>
            </ul>
          </div>
        </div>
        <div
          className="member-info d-flex flex-column col-6"
        >
          <h2
            className="member-name"
          >
            validation:aboutPage.ourTeam.mem1.memName
          </h2>
          <p
            className="member-role"
          >
            validation:aboutPage.ourTeam.mem1.memRole
          </p>
          <p
            className="member-description"
          >
            validation:aboutPage.ourTeam.mem1.memDis
          </p>
        </div>
      </div>
    </div>
  </div>
</div>
`;
