// Jest Snapshot v1, https://goo.gl/fbAQLP

exports[`Questions (array component)  of faq page render correctly 1`] = `
<div>
  <div
    className="my-5 container"
  >
    <div
      className="accordion"
    >
      <div
        className="qustionCard my-5"
      >
        <div
          className="card-header"
        >
          <p
            className={false}
          >
            Who can use this website?
          </p>
          <button
            onClick={[Function]}
            type="button"
          >
             
            <img
              alt=""
              src="open.svg"
            />
          </button>
        </div>
        <div
          aria-expanded={null}
          className="collapse"
        >
          <div
            className="card-body"
          >
            The website is for anyone who wants to find a doctor easily
          </div>
        </div>
      </div>
    </div>
    <div
      className="accordion"
    >
      <div
        className="qustionCard my-5"
      >
        <div
          className="card-header"
        >
          <p
            className={false}
          >
            Am I required to create an acount for booking an online appointment?
          </p>
          <button
            onClick={[Function]}
            type="button"
          >
             
            <img
              alt=""
              src="open.svg"
            />
          </button>
        </div>
        <div
          aria-expanded={null}
          className="collapse"
        >
          <div
            className="card-body"
          >
            No need for an account to book an appointment
          </div>
        </div>
      </div>
    </div>
    <div
      className="accordion"
    >
      <div
        className="qustionCard my-5"
      >
        <div
          className="card-header"
        >
          <p
            className={false}
          >
            Can I schedule more than one appointment with a single doctor?
          </p>
          <button
            onClick={[Function]}
            type="button"
          >
             
            <img
              alt=""
              src="open.svg"
            />
          </button>
        </div>
        <div
          aria-expanded={null}
          className="collapse"
        >
          <div
            className="card-body"
          >
            Yes, you can do that
          </div>
        </div>
      </div>
    </div>
    <div
      className="accordion"
    >
      <div
        className="qustionCard my-5"
      >
        <div
          className="card-header"
        >
          <p
            className={false}
          >
            Can I reschedule an online appointment?
          </p>
          <button
            onClick={[Function]}
            type="button"
          >
             
            <img
              alt=""
              src="open.svg"
            />
          </button>
        </div>
        <div
          aria-expanded={null}
          className="collapse"
        >
          <div
            className="card-body"
          >
            Yes, if you have an urgent situation you can reschedule to another time
          </div>
        </div>
      </div>
    </div>
    <div
      className="accordion"
    >
      <div
        className="qustionCard my-5"
      >
        <div
          className="card-header"
        >
          <p
            className={false}
          >
            How will I know if my booking is confirmed?
          </p>
          <button
            onClick={[Function]}
            type="button"
          >
             
            <img
              alt=""
              src="open.svg"
            />
          </button>
        </div>
        <div
          aria-expanded={null}
          className="collapse"
        >
          <div
            className="card-body"
          >
            The secretary will call you to confirm the appoinment
          </div>
        </div>
      </div>
    </div>
    <div
      className="accordion"
    >
      <div
        className="qustionCard my-5"
      >
        <div
          className="card-header"
        >
          <p
            className={false}
          >
            Should I include a name of a doctor when I want to search for a specific specialty?
          </p>
          <button
            onClick={[Function]}
            type="button"
          >
             
            <img
              alt=""
              src="open.svg"
            />
          </button>
        </div>
        <div
          aria-expanded={null}
          className="collapse"
        >
          <div
            className="card-body"
          >
            No, just select the specialty 
          </div>
        </div>
      </div>
    </div>
    <div
      className="accordion"
    >
      <div
        className="qustionCard my-5"
      >
        <div
          className="card-header"
        >
          <p
            className={false}
          >
            What the doctor's consultation fee will be?
          </p>
          <button
            onClick={[Function]}
            type="button"
          >
             
            <img
              alt=""
              src="open.svg"
            />
          </button>
        </div>
        <div
          aria-expanded={null}
          className="collapse"
        >
          <div
            className="card-body"
          >
            It depends on the doctor himself
          </div>
        </div>
      </div>
    </div>
    <div
      className="accordion"
    >
      <div
        className="qustionCard my-5"
      >
        <div
          className="card-header"
        >
          <p
            className={false}
          >
            I am a Doctor and I have done my registration. What should I do next?
          </p>
          <button
            onClick={[Function]}
            type="button"
          >
             
            <img
              alt=""
              src="open.svg"
            />
          </button>
        </div>
        <div
          aria-expanded={null}
          className="collapse"
        >
          <div
            className="card-body"
          >
            We will send you an email to confirm the registration then any user can search and find you
          </div>
        </div>
      </div>
    </div>
    <div
      className="accordion"
    >
      <div
        className="qustionCard my-5"
      >
        <div
          className="card-header"
        >
          <p
            className={false}
          >
            Can I use the app for checking the availability of a doctor 
 without actually booking or scheduling an appointment?
          </p>
          <button
            onClick={[Function]}
            type="button"
          >
             
            <img
              alt=""
              src="open.svg"
            />
          </button>
        </div>
        <div
          aria-expanded={null}
          className="collapse"
        >
          <div
            className="card-body"
          >
            Yes, while you are searching, click on the doctor card that you want to know about him, it will open another page that contains doctor informaition
          </div>
        </div>
      </div>
    </div>
  </div>
</div>
`;
