// Jest Snapshot v1, https://goo.gl/fbAQLP

exports[`renders correctly 1`] = `
<div
  className="searchResult"
>
  <div
    className="container"
  >
    <div
      className="row"
    >
      <div
        className="col"
      >
        <h2
          className="text-success"
        >
          Search result
        </h2>
      </div>
      <hr
        className="solid"
      />
    </div>
    <div
      className="cardsRow row"
    />
  </div>
</div>
`;
