// Jest Snapshot v1, https://goo.gl/fbAQLP

exports[`renders correctly 1`] = `
<div
  className="searchResult"
>
  <div
    className="container"
  >
    <div
      className="row"
    >
      <div
        className="col"
      >
        <h3>
          Search result
        </h3>
      </div>
      <hr
        className="solid"
      />
    </div>
    <h1>
      No Result found
    </h1>
  </div>
</div>
`;
