// Jest Snapshot v1, https://goo.gl/fbAQLP

exports[`renders correctly 1`] = `
<div
  className="searchResult"
>
  <div
    className="container"
  >
    <div
      className="row"
    >
      <div
        className="col"
      >
        <h3>
          Search result
        </h3>
      </div>
      <hr
        className="solid"
      />
    </div>
    <div
      className="cardsRow row"
    >
      <div
        className="col-md-4"
      >
        <div
          className="doctorCards card"
          style={
            Object {
              "width": "18rem",
            }
          }
        >
          <img
            className="card-img-top myImgCard"
            src="avatar.png"
          />
          <div
            className="card-body"
          >
            <div
              className="card-title h5"
            >
              Zainab Mohammed
            </div>
            <div
              className="specilty"
            >
              Emergency Medicine
            </div>
            <p
              className="card-text"
            >
              Some quick example text to build on the card title and make up the bulk of the card's content.
            </p>
            <div
              className="theButtons"
            >
              <button
                className="theWhite btn btn-primary"
                disabled={false}
                type="button"
              >
                More Info
              </button>
              <button
                className="theBlue btn btn-primary"
                disabled={false}
                type="button"
              >
                Book now
              </button>
            </div>
          </div>
        </div>
      </div>
      <div
        className="col-md-4"
      >
        <div
          className="doctorCards card"
          style={
            Object {
              "width": "18rem",
            }
          }
        >
          <img
            className="card-img-top myImgCard"
            src="avatar.png"
          />
          <div
            className="card-body"
          >
            <div
              className="card-title h5"
            >
              Ali Fareed
            </div>
            <div
              className="specilty"
            >
              Child Doc
            </div>
            <p
              className="card-text"
            >
              Some quick example text to build on the card title and make up the bulk of the card's content.
            </p>
            <div
              className="theButtons"
            >
              <button
                className="theWhite btn btn-primary"
                disabled={false}
                type="button"
              >
                More Info
              </button>
              <button
                className="theBlue btn btn-primary"
                disabled={false}
                type="button"
              >
                Book now
              </button>
            </div>
          </div>
        </div>
      </div>
      <div
        className="col-md-4"
      >
        <div
          className="doctorCards card"
          style={
            Object {
              "width": "18rem",
            }
          }
        >
          <img
            className="card-img-top myImgCard"
            src="avatar.png"
          />
          <div
            className="card-body"
          >
            <div
              className="card-title h5"
            >
              Sabah Omar
            </div>
            <div
              className="specilty"
            >
              Family Medicine
            </div>
            <p
              className="card-text"
            >
              Some quick example text to build on the card title and make up the bulk of the card's content.
            </p>
            <div
              className="theButtons"
            >
              <button
                className="theWhite btn btn-primary"
                disabled={false}
                type="button"
              >
                More Info
              </button>
              <button
                className="theBlue btn btn-primary"
                disabled={false}
                type="button"
              >
                Book now
              </button>
            </div>
          </div>
        </div>
      </div>
      <div
        className="col-md-4"
      >
        <div
          className="doctorCards card"
          style={
            Object {
              "width": "18rem",
            }
          }
        >
          <img
            className="card-img-top myImgCard"
            src="avatar.png"
          />
          <div
            className="card-body"
          >
            <div
              className="card-title h5"
            >
              Sarah Marwan
            </div>
            <div
              className="specilty"
            >
              Child Doc
            </div>
            <p
              className="card-text"
            >
              Some quick example text to build on the card title and make up the bulk of the card's content.
            </p>
            <div
              className="theButtons"
            >
              <button
                className="theWhite btn btn-primary"
                disabled={false}
                type="button"
              >
                More Info
              </button>
              <button
                className="theBlue btn btn-primary"
                disabled={false}
                type="button"
              >
                Book now
              </button>
            </div>
          </div>
        </div>
      </div>
      <div
        className="col-md-4"
      >
        <div
          className="doctorCards card"
          style={
            Object {
              "width": "18rem",
            }
          }
        >
          <img
            className="card-img-top myImgCard"
            src="avatar.png"
          />
          <div
            className="card-body"
          >
            <div
              className="card-title h5"
            >
              Salih Murtadha
            </div>
            <div
              className="specilty"
            >
              Medical Genetics
            </div>
            <p
              className="card-text"
            >
              Some quick example text to build on the card title and make up the bulk of the card's content.
            </p>
            <div
              className="theButtons"
            >
              <button
                className="theWhite btn btn-primary"
                disabled={false}
                type="button"
              >
                More Info
              </button>
              <button
                className="theBlue btn btn-primary"
                disabled={false}
                type="button"
              >
                Book now
              </button>
            </div>
          </div>
        </div>
      </div>
      <div
        className="col-md-4"
      >
        <div
          className="doctorCards card"
          style={
            Object {
              "width": "18rem",
            }
          }
        >
          <img
            className="card-img-top myImgCard"
            src="avatar.png"
          />
          <div
            className="card-body"
          >
            <div
              className="card-title h5"
            >
              Shadya Naji
            </div>
            <div
              className="specilty"
            >
              Child Doc
            </div>
            <p
              className="card-text"
            >
              Some quick example text to build on the card title and make up the bulk of the card's content.
            </p>
            <div
              className="theButtons"
            >
              <button
                className="theWhite btn btn-primary"
                disabled={false}
                type="button"
              >
                More Info
              </button>
              <button
                className="theBlue btn btn-primary"
                disabled={false}
                type="button"
              >
                Book now
              </button>
            </div>
          </div>
        </div>
      </div>
    </div>
  </div>
</div>
`;
