// Jest Snapshot v1, https://goo.gl/fbAQLP

exports[`Step 1 renders correctly 1`] = `
<div
  className="container"
>
  <div
    className="personal"
  >
    <div
      className="formRow row"
    >
      <div
        className="col-lg-6"
      >
        <div
          className="form-group"
        >
          <label
            className="form-label"
            for="fullName"
          >
            Full Name
            <input
              className="form-control"
              id="fullName"
              name="fullName"
              onChange={[Function]}
              placeholder="Full name"
              required={true}
              value=""
            />
          </label>
        </div>
      </div>
      <div
        className="col-lg-6"
      >
        <fieldset>
          <div
            className="form-group"
          >
            <label
              className="form-label"
              name="formHorizontalRadios"
            >
              Gender
              <div
                className="myCheck mt-2"
              >
                <div
                  className="form-check"
                >
                  <input
                    checked={false}
                    className="form-check-input"
                    disabled={false}
                    id="female"
                    name="gender"
                    onChange={[Function]}
                    type="radio"
                    value="female"
                  />
                  <label
                    className="form-check-label"
                    htmlFor="female"
                    title=""
                  >
                    female
                  </label>
                </div>
                <div
                  className="form-check"
                >
                  <input
                    checked={false}
                    className="form-check-input"
                    disabled={false}
                    id="male"
                    name="gender"
                    onChange={[Function]}
                    type="radio"
                    value="male"
                  />
                  <label
                    className="form-check-label"
                    htmlFor="male"
                    title=""
                  >
                    male
                  </label>
                </div>
              </div>
            </label>
          </div>
        </fieldset>
      </div>
    </div>
    <div
      className="formRow row"
    >
      <div
        className="col-lg-6"
      >
        <label
          className="form-label"
          for="E-mail"
        >
          Email
          <input
            className="form-control"
            id="E-mail"
            name="E-mail"
            onChange={[Function]}
            placeholder="Enter  your E-mail"
            required={true}
            type="email"
            value=""
          />
        </label>
      </div>
      <div
        className="col-lg-6"
      >
        <label
          className="form-label"
          for="number"
        >
          Phone Number
          <input
            className="form-control"
            id="number"
            name="number"
            onChange={[Function]}
            placeholder="ex: 0770-145-6788"
            required={true}
            type="tel"
            value=""
          />
        </label>
      </div>
    </div>
    <div
      className="formRow row"
    >
      <div
        className="col-lg-6"
      >
        <label
          className="form-label"
          for="thePassword"
        >
          Password
          <input
            className="form-control"
            id="thePassword"
            name="thePassword"
            onChange={[Function]}
            placeholder="Enter your password"
            required={true}
            type="password"
            value=""
          />
        </label>
      </div>
      <div
        className="col-lg-6"
      >
        <label
          className="form-label"
          for="confirmPassword"
        >
          Confirm Password
          <input
            className="form-control"
            id="confirmPassword"
            name="confirmPassword"
            placeholder="Enter your password again"
            required={true}
            type="password"
          />
        </label>
      </div>
    </div>
    <div
      className="formRow row"
    >
      <div
        className="col-lg-12"
      >
        <label
          htmlFor="photoUplod"
        >
          Personal Photo
        </label>
        <label
          className="btn btn-primary text-white mt-3 ml-5"
        >
          Upload 
          <input
            hidden={true}
            onChange={[Function]}
            type="file"
          />
        </label>
      </div>
    </div>
  </div>
</div>
`;
