// Jest Snapshot v1, https://goo.gl/fbAQLP

exports[`intro section of faq page render correctly 1`] = `
<div
  className="container"
>
  <div
    className="my-5 row"
  >
    <div
      className=" d-flex align-items-center col-lg-6"
    >
      <div>
        <h1
          className="my-3"
        >
          Frequently asked
          <span
            className="d-block"
          >
            questions
          </span>
        </h1>
        <p>
          Lorem ipsum dolor sit amet consectetur adipisicing elit. Perspiciatis officiis recusandae voluptatibus! Natus voluptatum esse temporibus saepe quo omnis alias!
        </p>
      </div>
    </div>
    <div
      className="col-lg-6"
    >
      <img
        alt=""
        className="img-fluid introSectionImage"
        src="intro.svg"
      />
    </div>
  </div>
</div>
`;
